  2. scripts-fixer
     branch:    main (manifest)
     transport: ssh
     https:     (unknown)
     ssh:       git@github.com:owner/scripts-fixer.git
     from:      git@github.com:owner/scripts-fixer.git
     to:        git@github.com:owner/scripts-fixer.git
     command:   git clone -b main --depth=1 git@github.com:owner/scripts-fixer.git scripts-fixer
