  2. scripts-fixer
     branch:    main (manifest)
     transport: https
     https:     https://github.com/owner/scripts-fixer.git
     ssh:       (unknown)
     from:      https://github.com/owner/scripts-fixer.git
     to:        https://github.com/owner/scripts-fixer.git
     command:   git clone -b main --depth=1 https://github.com/owner/scripts-fixer.git scripts-fixer
