  3. scripts-fixer
     branch:    develop (manifest)
     transport: ssh
     https:     (unknown)
     ssh:       git@github.com:owner/scripts-fixer.git
     from:      git@github.com:owner/scripts-fixer.git
     to:        git@github.com:owner/scripts-fixer.git
     command:   git clone -b develop git@github.com:owner/scripts-fixer.git repos/scripts-fixer
